# Reloader tests
# --------------

# When making assertions about reloads, we need to wait at least a second after changing the file before
# we make a request. The reason for this is that the classpath change detection is based on file modification times,
# which only have 1 second precision.

# we haven't reloaded anything to start
> verifyReloads 0

# Write the play version to a file for sbt server
> writeRunProperties

# Start dev mode
> backgroundRun
> waitForServer


> verifyResourceContains / 200 original-fork-run
# be sure we reloaded exactly once
> verifyReloads 1

# Check various action types
> verifyResourceContains /assets/css/some.css 200 original
> verifyResourceContains /assets/main.css 200 original
> verifyReloads 1

# Wait a while and ensure we still haven't reloaded
$ sleep 1250
> verifyResourceContains / 200
> verifyReloads 1

# Change a scala file
$ copy-file changes/Application.scala.1 app/controllers/Application.scala
$ sleep 1250
> verifyResourceContains / 200 first
> verifyReloads 2

# Change a static asset
$ copy-file changes/some.css.1 public/css/some.css
$ sleep 1250
> verifyResourceContains /assets/css/some.css 200 first
# No reloads should have happened
> verifyReloads 2

# Change a compiled asset
$ copy-file changes/main.less.1 app/assets/main.less
$ sleep 1250
> verifyResourceContains /assets/main.css 200 first
# No reloads should have happened
> verifyReloads 2

# Introduce a compile error
$ copy-file changes/Application.scala.2 app/controllers/Application.scala
$ sleep 1250
> verifyResourceContains / 500
> verifyReloads 2

# Fix the compile error
$ copy-file changes/Application.scala.3 app/controllers/Application.scala
$ sleep 1250
> verifyResourceContains / 200 second
> verifyReloads 3

# Change a resource (also introduces a startup failure)
$ copy-file changes/application.conf.1 conf/application.conf
$ sleep 1250
> verifyResourceContains / 500
> verifyReloads 4

# Stop running
> jobStop 1
